
> kisok-admin-next@0.1.0 test /home/ubuntu/kisok_admin_next
> vitest run

(!) Your Vite config uses features that are unsupported by `configLoader: 'native'`, which is planned to become the default in a future major version of Vite:
  - ESM syntax in a file loaded as CommonJS (vitest.config.ts:1:1). Use a `.mjs` extension or set `"type": "module"` in the closest package.json
Set `VITE_CONFIG_NATIVE_IGNORE_WARNING=true` to suppress this warning.

[1m[30m[46m RUN [49m[39m[22m [36mv4.1.11 [39m[90m/home/ubuntu/kisok_admin_next[39m

 [32m✓[39m src/lib/utils/http/shared/abort.test.ts [2m([22m[2m11 tests[22m[2m)[22m[32m 8[2mms[22m[39m
 [32m✓[39m src/lib/utils/http/client-utils.test.ts [2m([22m[2m16 tests[22m[2m)[22m[32m 14[2mms[22m[39m
 [32m✓[39m src/lib/utils/http/fetch-client/token-refresh.test.ts [2m([22m[2m6 tests[22m[2m)[22m[32m 13[2mms[22m[39m
 [32m✓[39m src/lib/utils/http/fetch-client/interceptors.test.ts [2m([22m[2m19 tests[22m[2m)[22m[32m 15[2mms[22m[39m
 [32m✓[39m src/lib/utils/http/fetch-client/fetch-client.test.ts [2m([22m[2m23 tests[22m[2m)[22m[32m 39[2mms[22m[39m
 [32m✓[39m src/lib/logger/constants.test.ts [2m([22m[2m6 tests[22m[2m)[22m[32m 12[2mms[22m[39m
 [32m✓[39m src/lib/utils/http/shared/response-parser.test.ts [2m([22m[2m6 tests[22m[2m)[22m[32m 6[2mms[22m[39m
 [32m✓[39m src/lib/utils/http/shared/request-id.test.ts [2m([22m[2m6 tests[22m[2m)[22m[32m 8[2mms[22m[39m
 [32m✓[39m src/lib/utils/http/shared/search-params.test.ts [2m([22m[2m5 tests[22m[2m)[22m[32m 4[2mms[22m[39m
 [32m✓[39m src/features/counter/components/Counter.test.tsx [2m([22m[2m2 tests[22m[2m)[22m[32m 245[2mms[22m[39m
 [32m✓[39m src/lib/utils/http/shared/upstream-origin.test.ts [2m([22m[2m5 tests[22m[2m)[22m[32m 7[2mms[22m[39m
 [32m✓[39m src/lib/utils/http/shared/runtime.test.ts [2m([22m[2m2 tests[22m[2m)[22m[32m 4[2mms[22m[39m
 [32m✓[39m src/lib/utils/runtime.test.ts [2m([22m[2m2 tests[22m[2m)[22m[32m 3[2mms[22m[39m

[2m Test Files [22m [1m[32m13 passed[39m[22m[90m (13)[39m
[2m      Tests [22m [1m[32m109 passed[39m[22m[90m (109)[39m
[2m   Start at [22m 03:30:30
[2m   Duration [22m 3.45s[2m (transform 935ms, setup 2.80s, import 1.23s, tests 377ms, environment 9.41s)[22m

